// Jest Snapshot v1, https://goo.gl/fbAQLP

exports[`<Pagination/> renders pagination for 18 items 1`] = `
<div>
  <div
    class="PaginationStyles-aduuar-0 kZnyDS"
    data-testid="pagination"
  >
    <a
      aria-disabled="true"
      href="/products/0"
    >
      ⇦ Prev
    </a>
    <p>
      Page 
      1
       of 
      <span
        data-testid="pageCount"
      >
        3
      </span>
    </p>
    <p>
      18
       items total
    </p>
    <a
      aria-disabled="false"
      href="/products/2"
    >
      Next ➪
    </a>
  </div>
</div>
`;
