// Jest Snapshot v1, https://goo.gl/fbAQLP

exports[`<Product/> renders and matches the snapshot 1`] = `
<div>
  <div
    class="ItemStyles-sc-16pk14u-0 iBOgQI"
  >
    <img
      alt="dogs are best"
      src="dog.jpg"
    />
    <h3
      class="Title-sc-16nq74k-0 kDFcWM"
    >
      <a
        href="/product/abc123"
      >
        dogs are best
      </a>
    </h3>
    <span
      class="PriceTag-nwbk6t-0 iFDMLq"
    >
      $50
    </span>
    <p>
      dogs
    </p>
    <div
      class="buttonList"
    >
      <a
        href="/update?id=abc123"
      >
        Edit ✏️
      </a>
      <button
        type="button"
      >
        Add
         to Cart 🛒
      </button>
      <button
        type="button"
      >
        Delete 🗑
      </button>
    </div>
  </div>
</div>
`;
